2026-09-03 06:40:37.474 | INFO     | __main__:run_full_pipeline:41 - =========================================
2026-09-03 06:40:37.474 | INFO     | __main__:run_full_pipeline:42 - 🚀 STARTING FULL LOOP QUANT PIPELINE
2026-09-03 06:40:37.474 | INFO     | __main__:run_full_pipeline:43 - =========================================
2026-09-03 06:40:37.474 | INFO     | __main__:run_full_pipeline:48 - --- Processing EURUSD [1d] ---
2026-09-03 06:40:39.515 | INFO     | src.features.feature_pipeline:build_features:102 - Generating features...
2026-09-03 06:40:41.933 | INFO     | src.features.feature_pipeline:build_features:119 - Feature generation complete. Kept 1101/1300 rows after dropping warmup NaNs.
2026-09-03 06:40:46.735 | INFO     | src.models.export_onnx:export_model_to_onnx:20 - Starting ONNX export process for EURUSD (vv1_1d)...
2026-09-03 06:40:47.080 | INFO     | src.models.export_onnx:export_model_to_onnx:39 - Successfully exported ONNX model to /home/thaieasyvps/quant-trading-platform/models/production/EURUSD_model_vv1_1d.onnx
2026-09-03 06:40:47.082 | INFO     | src.models.export_onnx:export_model_to_onnx:53 - Exported feature order to /home/thaieasyvps/quant-trading-platform/models/production/EURUSD_feature_order_vv1_1d.json
2026-09-03 06:40:47.086 | INFO     | src.models.export_onnx:export_model_to_onnx:68 - Exported model config to /home/thaieasyvps/quant-trading-platform/models/production/EURUSD_model_config_vv1_1d.json
2026-09-03 06:40:47.144 | INFO     | __main__:run_full_pipeline:48 - --- Processing EURUSD [4h] ---
2026-09-03 06:40:48.181 | INFO     | export_production_v2_intraday:build_intraday_features:25 - Building Intraday (V2) Features...
2026-09-03 06:40:50.589 | INFO     | src.models.export_onnx:export_model_to_onnx:20 - Starting ONNX export process for EURUSD (vv2_4h)...
2026-09-03 06:40:50.754 | INFO     | src.models.export_onnx:export_model_to_onnx:39 - Successfully exported ONNX model to /home/thaieasyvps/quant-trading-platform/models/production/EURUSD_model_vv2_4h.onnx
2026-09-03 06:40:50.762 | INFO     | src.models.export_onnx:export_model_to_onnx:53 - Exported feature order to /home/thaieasyvps/quant-trading-platform/models/production/EURUSD_feature_order_vv2_4h.json
2026-09-03 06:40:50.764 | INFO     | src.models.export_onnx:export_model_to_onnx:68 - Exported model config to /home/thaieasyvps/quant-trading-platform/models/production/EURUSD_model_config_vv2_4h.json
2026-09-03 06:40:50.819 | INFO     | __main__:run_full_pipeline:48 - --- Processing EURUSD [1h] ---
2026-09-03 06:40:51.716 | INFO     | export_production_v2_intraday:build_intraday_features:25 - Building Intraday (V2) Features...
2026-09-03 06:41:00.944 | INFO     | src.models.export_onnx:export_model_to_onnx:20 - Starting ONNX export process for EURUSD (vv2_1h)...
2026-09-03 06:41:01.101 | INFO     | src.models.export_onnx:export_model_to_onnx:39 - Successfully exported ONNX model to /home/thaieasyvps/quant-trading-platform/models/production/EURUSD_model_vv2_1h.onnx
2026-09-03 06:41:01.102 | INFO     | src.models.export_onnx:export_model_to_onnx:53 - Exported feature order to /home/thaieasyvps/quant-trading-platform/models/production/EURUSD_feature_order_vv2_1h.json
2026-09-03 06:41:01.102 | INFO     | src.models.export_onnx:export_model_to_onnx:68 - Exported model config to /home/thaieasyvps/quant-trading-platform/models/production/EURUSD_model_config_vv2_1h.json
2026-09-03 06:41:01.190 | INFO     | __main__:run_full_pipeline:48 - --- Processing EURUSD [30m] ---
2026-09-03 06:41:01.767 | INFO     | export_production_v2_intraday:build_intraday_features:25 - Building Intraday (V2) Features...
2026-09-03 06:41:04.439 | INFO     | src.models.export_onnx:export_model_to_onnx:20 - Starting ONNX export process for EURUSD (vv2_30m)...
2026-09-03 06:41:04.561 | INFO     | src.models.export_onnx:export_model_to_onnx:39 - Successfully exported ONNX model to /home/thaieasyvps/quant-trading-platform/models/production/EURUSD_model_vv2_30m.onnx
2026-09-03 06:41:04.562 | INFO     | src.models.export_onnx:export_model_to_onnx:53 - Exported feature order to /home/thaieasyvps/quant-trading-platform/models/production/EURUSD_feature_order_vv2_30m.json
2026-09-03 06:41:04.562 | INFO     | src.models.export_onnx:export_model_to_onnx:68 - Exported model config to /home/thaieasyvps/quant-trading-platform/models/production/EURUSD_model_config_vv2_30m.json
2026-09-03 06:41:04.606 | INFO     | __main__:run_full_pipeline:48 - --- Processing EURUSD [15m] ---
2026-09-03 06:41:05.186 | INFO     | export_production_v2_intraday:build_intraday_features:25 - Building Intraday (V2) Features...
2026-09-03 06:41:07.072 | INFO     | src.models.export_onnx:export_model_to_onnx:20 - Starting ONNX export process for EURUSD (vv2_15m)...
2026-09-03 06:41:07.165 | INFO     | src.models.export_onnx:export_model_to_onnx:39 - Successfully exported ONNX model to /home/thaieasyvps/quant-trading-platform/models/production/EURUSD_model_vv2_15m.onnx
2026-09-03 06:41:07.167 | INFO     | src.models.export_onnx:export_model_to_onnx:53 - Exported feature order to /home/thaieasyvps/quant-trading-platform/models/production/EURUSD_feature_order_vv2_15m.json
2026-09-03 06:41:07.168 | INFO     | src.models.export_onnx:export_model_to_onnx:68 - Exported model config to /home/thaieasyvps/quant-trading-platform/models/production/EURUSD_model_config_vv2_15m.json
2026-09-03 06:41:07.211 | INFO     | __main__:run_full_pipeline:48 - --- Processing USDCHF [1d] ---
2026-09-03 06:41:07.649 | INFO     | src.features.feature_pipeline:build_features:102 - Generating features...
2026-09-03 06:41:07.787 | INFO     | src.features.feature_pipeline:build_features:119 - Feature generation complete. Kept 1101/1300 rows after dropping warmup NaNs.
2026-09-03 06:41:09.035 | INFO     | src.models.export_onnx:export_model_to_onnx:20 - Starting ONNX export process for USDCHF (vv1_1d)...
2026-09-03 06:41:09.106 | INFO     | src.models.export_onnx:export_model_to_onnx:39 - Successfully exported ONNX model to /home/thaieasyvps/quant-trading-platform/models/production/USDCHF_model_vv1_1d.onnx
2026-09-03 06:41:09.108 | INFO     | src.models.export_onnx:export_model_to_onnx:53 - Exported feature order to /home/thaieasyvps/quant-trading-platform/models/production/USDCHF_feature_order_vv1_1d.json
2026-09-03 06:41:09.109 | INFO     | src.models.export_onnx:export_model_to_onnx:68 - Exported model config to /home/thaieasyvps/quant-trading-platform/models/production/USDCHF_model_config_vv1_1d.json
2026-09-03 06:41:09.135 | INFO     | __main__:run_full_pipeline:48 - --- Processing USDCHF [4h] ---
2026-09-03 06:41:09.854 | INFO     | export_production_v2_intraday:build_intraday_features:25 - Building Intraday (V2) Features...
2026-09-03 06:41:10.282 | INFO     | src.models.export_onnx:export_model_to_onnx:20 - Starting ONNX export process for USDCHF (vv2_4h)...
2026-09-03 06:41:10.392 | INFO     | src.models.export_onnx:export_model_to_onnx:39 - Successfully exported ONNX model to /home/thaieasyvps/quant-trading-platform/models/production/USDCHF_model_vv2_4h.onnx
2026-09-03 06:41:10.393 | INFO     | src.models.export_onnx:export_model_to_onnx:53 - Exported feature order to /home/thaieasyvps/quant-trading-platform/models/production/USDCHF_feature_order_vv2_4h.json
2026-09-03 06:41:10.393 | INFO     | src.models.export_onnx:export_model_to_onnx:68 - Exported model config to /home/thaieasyvps/quant-trading-platform/models/production/USDCHF_model_config_vv2_4h.json
2026-09-03 06:41:10.427 | INFO     | __main__:run_full_pipeline:48 - --- Processing USDCHF [1h] ---
2026-09-03 06:41:11.120 | INFO     | export_production_v2_intraday:build_intraday_features:25 - Building Intraday (V2) Features...
2026-09-03 06:41:11.947 | INFO     | src.models.export_onnx:export_model_to_onnx:20 - Starting ONNX export process for USDCHF (vv2_1h)...
2026-09-03 06:41:12.038 | INFO     | src.models.export_onnx:export_model_to_onnx:39 - Successfully exported ONNX model to /home/thaieasyvps/quant-trading-platform/models/production/USDCHF_model_vv2_1h.onnx
2026-09-03 06:41:12.039 | INFO     | src.models.export_onnx:export_model_to_onnx:53 - Exported feature order to /home/thaieasyvps/quant-trading-platform/models/production/USDCHF_feature_order_vv2_1h.json
2026-09-03 06:41:12.039 | INFO     | src.models.export_onnx:export_model_to_onnx:68 - Exported model config to /home/thaieasyvps/quant-trading-platform/models/production/USDCHF_model_config_vv2_1h.json
2026-09-03 06:41:12.088 | INFO     | __main__:run_full_pipeline:48 - --- Processing USDCHF [30m] ---
2026-09-03 06:41:12.607 | INFO     | export_production_v2_intraday:build_intraday_features:25 - Building Intraday (V2) Features...
2026-09-03 06:41:13.143 | INFO     | src.models.export_onnx:export_model_to_onnx:20 - Starting ONNX export process for USDCHF (vv2_30m)...
2026-09-03 06:41:13.244 | INFO     | src.models.export_onnx:export_model_to_onnx:39 - Successfully exported ONNX model to /home/thaieasyvps/quant-trading-platform/models/production/USDCHF_model_vv2_30m.onnx
2026-09-03 06:41:13.245 | INFO     | src.models.export_onnx:export_model_to_onnx:53 - Exported feature order to /home/thaieasyvps/quant-trading-platform/models/production/USDCHF_feature_order_vv2_30m.json
2026-09-03 06:41:13.245 | INFO     | src.models.export_onnx:export_model_to_onnx:68 - Exported model config to /home/thaieasyvps/quant-trading-platform/models/production/USDCHF_model_config_vv2_30m.json
2026-09-03 06:41:13.277 | INFO     | __main__:run_full_pipeline:48 - --- Processing USDCHF [15m] ---
2026-09-03 06:41:13.862 | INFO     | export_production_v2_intraday:build_intraday_features:25 - Building Intraday (V2) Features...
2026-09-03 06:41:16.378 | INFO     | src.models.export_onnx:export_model_to_onnx:20 - Starting ONNX export process for USDCHF (vv2_15m)...
2026-09-03 06:41:16.611 | INFO     | src.models.export_onnx:export_model_to_onnx:39 - Successfully exported ONNX model to /home/thaieasyvps/quant-trading-platform/models/production/USDCHF_model_vv2_15m.onnx
2026-09-03 06:41:16.615 | INFO     | src.models.export_onnx:export_model_to_onnx:53 - Exported feature order to /home/thaieasyvps/quant-trading-platform/models/production/USDCHF_feature_order_vv2_15m.json
2026-09-03 06:41:16.616 | INFO     | src.models.export_onnx:export_model_to_onnx:68 - Exported model config to /home/thaieasyvps/quant-trading-platform/models/production/USDCHF_model_config_vv2_15m.json
2026-09-03 06:41:16.664 | INFO     | __main__:run_full_pipeline:48 - --- Processing GBPUSD [1d] ---
2026-09-03 06:41:17.136 | INFO     | src.features.feature_pipeline:build_features:102 - Generating features...
2026-09-03 06:41:17.270 | INFO     | src.features.feature_pipeline:build_features:119 - Feature generation complete. Kept 1101/1300 rows after dropping warmup NaNs.
2026-09-03 06:41:18.998 | INFO     | src.models.export_onnx:export_model_to_onnx:20 - Starting ONNX export process for GBPUSD (vv1_1d)...
2026-09-03 06:41:19.103 | INFO     | src.models.export_onnx:export_model_to_onnx:39 - Successfully exported ONNX model to /home/thaieasyvps/quant-trading-platform/models/production/GBPUSD_model_vv1_1d.onnx
2026-09-03 06:41:19.105 | INFO     | src.models.export_onnx:export_model_to_onnx:53 - Exported feature order to /home/thaieasyvps/quant-trading-platform/models/production/GBPUSD_feature_order_vv1_1d.json
2026-09-03 06:41:19.105 | INFO     | src.models.export_onnx:export_model_to_onnx:68 - Exported model config to /home/thaieasyvps/quant-trading-platform/models/production/GBPUSD_model_config_vv1_1d.json
2026-09-03 06:41:19.159 | INFO     | __main__:run_full_pipeline:48 - --- Processing GBPUSD [4h] ---
2026-09-03 06:41:19.904 | INFO     | export_production_v2_intraday:build_intraday_features:25 - Building Intraday (V2) Features...
2026-09-03 06:41:20.529 | INFO     | src.models.export_onnx:export_model_to_onnx:20 - Starting ONNX export process for GBPUSD (vv2_4h)...
2026-09-03 06:41:20.924 | INFO     | src.models.export_onnx:export_model_to_onnx:39 - Successfully exported ONNX model to /home/thaieasyvps/quant-trading-platform/models/production/GBPUSD_model_vv2_4h.onnx
2026-09-03 06:41:20.924 | INFO     | src.models.export_onnx:export_model_to_onnx:53 - Exported feature order to /home/thaieasyvps/quant-trading-platform/models/production/GBPUSD_feature_order_vv2_4h.json
2026-09-03 06:41:20.925 | INFO     | src.models.export_onnx:export_model_to_onnx:68 - Exported model config to /home/thaieasyvps/quant-trading-platform/models/production/GBPUSD_model_config_vv2_4h.json
2026-09-03 06:41:20.958 | INFO     | __main__:run_full_pipeline:48 - --- Processing GBPUSD [1h] ---
2026-09-03 06:41:21.763 | INFO     | export_production_v2_intraday:build_intraday_features:25 - Building Intraday (V2) Features...
2026-09-03 06:41:22.626 | INFO     | src.models.export_onnx:export_model_to_onnx:20 - Starting ONNX export process for GBPUSD (vv2_1h)...
2026-09-03 06:41:22.711 | INFO     | src.models.export_onnx:export_model_to_onnx:39 - Successfully exported ONNX model to /home/thaieasyvps/quant-trading-platform/models/production/GBPUSD_model_vv2_1h.onnx
2026-09-03 06:41:22.711 | INFO     | src.models.export_onnx:export_model_to_onnx:53 - Exported feature order to /home/thaieasyvps/quant-trading-platform/models/production/GBPUSD_feature_order_vv2_1h.json
2026-09-03 06:41:22.712 | INFO     | src.models.export_onnx:export_model_to_onnx:68 - Exported model config to /home/thaieasyvps/quant-trading-platform/models/production/GBPUSD_model_config_vv2_1h.json
2026-09-03 06:41:22.756 | INFO     | __main__:run_full_pipeline:48 - --- Processing GBPUSD [30m] ---
2026-09-03 06:41:23.264 | INFO     | export_production_v2_intraday:build_intraday_features:25 - Building Intraday (V2) Features...
2026-09-03 06:41:23.872 | INFO     | src.models.export_onnx:export_model_to_onnx:20 - Starting ONNX export process for GBPUSD (vv2_30m)...
2026-09-03 06:41:23.973 | INFO     | src.models.export_onnx:export_model_to_onnx:39 - Successfully exported ONNX model to /home/thaieasyvps/quant-trading-platform/models/production/GBPUSD_model_vv2_30m.onnx
2026-09-03 06:41:23.973 | INFO     | src.models.export_onnx:export_model_to_onnx:53 - Exported feature order to /home/thaieasyvps/quant-trading-platform/models/production/GBPUSD_feature_order_vv2_30m.json
2026-09-03 06:41:23.974 | INFO     | src.models.export_onnx:export_model_to_onnx:68 - Exported model config to /home/thaieasyvps/quant-trading-platform/models/production/GBPUSD_model_config_vv2_30m.json
2026-09-03 06:41:24.019 | INFO     | __main__:run_full_pipeline:48 - --- Processing GBPUSD [15m] ---
2026-09-03 06:41:24.536 | INFO     | export_production_v2_intraday:build_intraday_features:25 - Building Intraday (V2) Features...
2026-09-03 06:41:27.723 | INFO     | src.models.export_onnx:export_model_to_onnx:20 - Starting ONNX export process for GBPUSD (vv2_15m)...
2026-09-03 06:41:27.880 | INFO     | src.models.export_onnx:export_model_to_onnx:39 - Successfully exported ONNX model to /home/thaieasyvps/quant-trading-platform/models/production/GBPUSD_model_vv2_15m.onnx
2026-09-03 06:41:27.880 | INFO     | src.models.export_onnx:export_model_to_onnx:53 - Exported feature order to /home/thaieasyvps/quant-trading-platform/models/production/GBPUSD_feature_order_vv2_15m.json
2026-09-03 06:41:27.883 | INFO     | src.models.export_onnx:export_model_to_onnx:68 - Exported model config to /home/thaieasyvps/quant-trading-platform/models/production/GBPUSD_model_config_vv2_15m.json
2026-09-03 06:41:27.997 | INFO     | __main__:run_full_pipeline:48 - --- Processing USDJPY [1d] ---
2026-09-03 06:41:28.496 | INFO     | src.features.feature_pipeline:build_features:102 - Generating features...
2026-09-03 06:41:28.735 | INFO     | src.features.feature_pipeline:build_features:119 - Feature generation complete. Kept 1101/1300 rows after dropping warmup NaNs.
2026-09-03 06:41:33.388 | INFO     | src.models.export_onnx:export_model_to_onnx:20 - Starting ONNX export process for USDJPY (vv1_1d)...
2026-09-03 06:41:33.499 | INFO     | src.models.export_onnx:export_model_to_onnx:39 - Successfully exported ONNX model to /home/thaieasyvps/quant-trading-platform/models/production/USDJPY_model_vv1_1d.onnx
2026-09-03 06:41:33.499 | INFO     | src.models.export_onnx:export_model_to_onnx:53 - Exported feature order to /home/thaieasyvps/quant-trading-platform/models/production/USDJPY_feature_order_vv1_1d.json
2026-09-03 06:41:33.500 | INFO     | src.models.export_onnx:export_model_to_onnx:68 - Exported model config to /home/thaieasyvps/quant-trading-platform/models/production/USDJPY_model_config_vv1_1d.json
2026-09-03 06:41:33.555 | INFO     | __main__:run_full_pipeline:48 - --- Processing USDJPY [4h] ---
2026-09-03 06:41:34.732 | INFO     | export_production_v2_intraday:build_intraday_features:25 - Building Intraday (V2) Features...
2026-09-03 06:41:37.025 | INFO     | src.models.export_onnx:export_model_to_onnx:20 - Starting ONNX export process for USDJPY (vv2_4h)...
2026-09-03 06:41:37.140 | INFO     | src.models.export_onnx:export_model_to_onnx:39 - Successfully exported ONNX model to /home/thaieasyvps/quant-trading-platform/models/production/USDJPY_model_vv2_4h.onnx
2026-09-03 06:41:37.141 | INFO     | src.models.export_onnx:export_model_to_onnx:53 - Exported feature order to /home/thaieasyvps/quant-trading-platform/models/production/USDJPY_feature_order_vv2_4h.json
2026-09-03 06:41:37.141 | INFO     | src.models.export_onnx:export_model_to_onnx:68 - Exported model config to /home/thaieasyvps/quant-trading-platform/models/production/USDJPY_model_config_vv2_4h.json
2026-09-03 06:41:37.201 | INFO     | __main__:run_full_pipeline:48 - --- Processing USDJPY [1h] ---
2026-09-03 06:41:38.054 | INFO     | export_production_v2_intraday:build_intraday_features:25 - Building Intraday (V2) Features...
2026-09-03 06:41:43.137 | INFO     | src.models.export_onnx:export_model_to_onnx:20 - Starting ONNX export process for USDJPY (vv2_1h)...
2026-09-03 06:41:43.414 | INFO     | src.models.export_onnx:export_model_to_onnx:39 - Successfully exported ONNX model to /home/thaieasyvps/quant-trading-platform/models/production/USDJPY_model_vv2_1h.onnx
2026-09-03 06:41:43.423 | INFO     | src.models.export_onnx:export_model_to_onnx:53 - Exported feature order to /home/thaieasyvps/quant-trading-platform/models/production/USDJPY_feature_order_vv2_1h.json
2026-09-03 06:41:43.423 | INFO     | src.models.export_onnx:export_model_to_onnx:68 - Exported model config to /home/thaieasyvps/quant-trading-platform/models/production/USDJPY_model_config_vv2_1h.json
2026-09-03 06:41:43.567 | INFO     | __main__:run_full_pipeline:48 - --- Processing USDJPY [30m] ---
2026-09-03 06:41:44.313 | INFO     | export_production_v2_intraday:build_intraday_features:25 - Building Intraday (V2) Features...
2026-09-03 06:41:49.485 | INFO     | src.models.export_onnx:export_model_to_onnx:20 - Starting ONNX export process for USDJPY (vv2_30m)...
2026-09-03 06:41:49.615 | INFO     | src.models.export_onnx:export_model_to_onnx:39 - Successfully exported ONNX model to /home/thaieasyvps/quant-trading-platform/models/production/USDJPY_model_vv2_30m.onnx
2026-09-03 06:41:49.615 | INFO     | src.models.export_onnx:export_model_to_onnx:53 - Exported feature order to /home/thaieasyvps/quant-trading-platform/models/production/USDJPY_feature_order_vv2_30m.json
2026-09-03 06:41:49.616 | INFO     | src.models.export_onnx:export_model_to_onnx:68 - Exported model config to /home/thaieasyvps/quant-trading-platform/models/production/USDJPY_model_config_vv2_30m.json
2026-09-03 06:41:49.664 | INFO     | __main__:run_full_pipeline:48 - --- Processing USDJPY [15m] ---
2026-09-03 06:41:50.181 | INFO     | export_production_v2_intraday:build_intraday_features:25 - Building Intraday (V2) Features...
2026-09-03 06:41:50.779 | INFO     | src.models.export_onnx:export_model_to_onnx:20 - Starting ONNX export process for USDJPY (vv2_15m)...
2026-09-03 06:41:50.879 | INFO     | src.models.export_onnx:export_model_to_onnx:39 - Successfully exported ONNX model to /home/thaieasyvps/quant-trading-platform/models/production/USDJPY_model_vv2_15m.onnx
2026-09-03 06:41:50.879 | INFO     | src.models.export_onnx:export_model_to_onnx:53 - Exported feature order to /home/thaieasyvps/quant-trading-platform/models/production/USDJPY_feature_order_vv2_15m.json
2026-09-03 06:41:50.880 | INFO     | src.models.export_onnx:export_model_to_onnx:68 - Exported model config to /home/thaieasyvps/quant-trading-platform/models/production/USDJPY_model_config_vv2_15m.json
2026-09-03 06:41:50.915 | INFO     | __main__:run_full_pipeline:48 - --- Processing GOLD [1d] ---
2026-09-03 06:41:51.390 | INFO     | src.features.feature_pipeline:build_features:102 - Generating features...
2026-09-03 06:41:51.637 | INFO     | src.features.feature_pipeline:build_features:119 - Feature generation complete. Kept 1016/1257 rows after dropping warmup NaNs.
2026/09/03 06:41:51 INFO mlflow.tracking.fluent: Experiment with name 'FULL_LOOP_GOLD' does not exist. Creating a new experiment.
2026-09-03 06:41:57.735 | INFO     | src.models.export_onnx:export_model_to_onnx:20 - Starting ONNX export process for GOLD (vv1_1d)...
2026-09-03 06:41:57.872 | INFO     | src.models.export_onnx:export_model_to_onnx:39 - Successfully exported ONNX model to /home/thaieasyvps/quant-trading-platform/models/production/GOLD_model_vv1_1d.onnx
2026-09-03 06:41:57.873 | INFO     | src.models.export_onnx:export_model_to_onnx:53 - Exported feature order to /home/thaieasyvps/quant-trading-platform/models/production/GOLD_feature_order_vv1_1d.json
2026-09-03 06:41:57.877 | INFO     | src.models.export_onnx:export_model_to_onnx:68 - Exported model config to /home/thaieasyvps/quant-trading-platform/models/production/GOLD_model_config_vv1_1d.json
2026-09-03 06:41:57.970 | INFO     | __main__:run_full_pipeline:48 - --- Processing GOLD [4h] ---
2026-09-03 06:41:59.001 | INFO     | export_production_v2_intraday:build_intraday_features:25 - Building Intraday (V2) Features...
2026-09-03 06:42:02.896 | INFO     | src.models.export_onnx:export_model_to_onnx:20 - Starting ONNX export process for GOLD (vv2_4h)...
2026-09-03 06:42:03.088 | INFO     | src.models.export_onnx:export_model_to_onnx:39 - Successfully exported ONNX model to /home/thaieasyvps/quant-trading-platform/models/production/GOLD_model_vv2_4h.onnx
2026-09-03 06:42:03.089 | INFO     | src.models.export_onnx:export_model_to_onnx:53 - Exported feature order to /home/thaieasyvps/quant-trading-platform/models/production/GOLD_feature_order_vv2_4h.json
2026-09-03 06:42:03.089 | INFO     | src.models.export_onnx:export_model_to_onnx:68 - Exported model config to /home/thaieasyvps/quant-trading-platform/models/production/GOLD_model_config_vv2_4h.json
2026-09-03 06:42:03.187 | INFO     | __main__:run_full_pipeline:48 - --- Processing GOLD [1h] ---
2026-09-03 06:42:04.210 | INFO     | export_production_v2_intraday:build_intraday_features:25 - Building Intraday (V2) Features...
2026-09-03 06:42:05.304 | INFO     | src.models.export_onnx:export_model_to_onnx:20 - Starting ONNX export process for GOLD (vv2_1h)...
2026-09-03 06:42:05.392 | INFO     | src.models.export_onnx:export_model_to_onnx:39 - Successfully exported ONNX model to /home/thaieasyvps/quant-trading-platform/models/production/GOLD_model_vv2_1h.onnx
2026-09-03 06:42:05.392 | INFO     | src.models.export_onnx:export_model_to_onnx:53 - Exported feature order to /home/thaieasyvps/quant-trading-platform/models/production/GOLD_feature_order_vv2_1h.json
2026-09-03 06:42:05.393 | INFO     | src.models.export_onnx:export_model_to_onnx:68 - Exported model config to /home/thaieasyvps/quant-trading-platform/models/production/GOLD_model_config_vv2_1h.json
2026-09-03 06:42:05.435 | INFO     | __main__:run_full_pipeline:48 - --- Processing GOLD [30m] ---
2026-09-03 06:42:05.947 | INFO     | export_production_v2_intraday:build_intraday_features:25 - Building Intraday (V2) Features...
2026-09-03 06:42:06.376 | INFO     | src.models.export_onnx:export_model_to_onnx:20 - Starting ONNX export process for GOLD (vv2_30m)...
2026-09-03 06:42:06.464 | INFO     | src.models.export_onnx:export_model_to_onnx:39 - Successfully exported ONNX model to /home/thaieasyvps/quant-trading-platform/models/production/GOLD_model_vv2_30m.onnx
2026-09-03 06:42:06.465 | INFO     | src.models.export_onnx:export_model_to_onnx:53 - Exported feature order to /home/thaieasyvps/quant-trading-platform/models/production/GOLD_feature_order_vv2_30m.json
2026-09-03 06:42:06.465 | INFO     | src.models.export_onnx:export_model_to_onnx:68 - Exported model config to /home/thaieasyvps/quant-trading-platform/models/production/GOLD_model_config_vv2_30m.json
2026-09-03 06:42:06.493 | INFO     | __main__:run_full_pipeline:48 - --- Processing GOLD [15m] ---
2026-09-03 06:42:06.986 | INFO     | export_production_v2_intraday:build_intraday_features:25 - Building Intraday (V2) Features...
2026-09-03 06:42:07.537 | INFO     | src.models.export_onnx:export_model_to_onnx:20 - Starting ONNX export process for GOLD (vv2_15m)...
2026-09-03 06:42:07.632 | INFO     | src.models.export_onnx:export_model_to_onnx:39 - Successfully exported ONNX model to /home/thaieasyvps/quant-trading-platform/models/production/GOLD_model_vv2_15m.onnx
2026-09-03 06:42:07.634 | INFO     | src.models.export_onnx:export_model_to_onnx:53 - Exported feature order to /home/thaieasyvps/quant-trading-platform/models/production/GOLD_feature_order_vv2_15m.json
2026-09-03 06:42:07.635 | INFO     | src.models.export_onnx:export_model_to_onnx:68 - Exported model config to /home/thaieasyvps/quant-trading-platform/models/production/GOLD_model_config_vv2_15m.json
2026-09-03 06:42:07.676 | INFO     | __main__:run_full_pipeline:48 - --- Processing BTC [1d] ---
2026-09-03 06:42:08.117 | INFO     | src.features.feature_pipeline:build_features:102 - Generating features...
2026-09-03 06:42:08.221 | INFO     | src.features.feature_pipeline:build_features:119 - Feature generation complete. Kept 1628/1827 rows after dropping warmup NaNs.
2026/09/03 06:42:08 INFO mlflow.tracking.fluent: Experiment with name 'FULL_LOOP_BTC' does not exist. Creating a new experiment.
2026-09-03 06:42:09.204 | INFO     | src.models.export_onnx:export_model_to_onnx:20 - Starting ONNX export process for BTC (vv1_1d)...
2026-09-03 06:42:09.282 | INFO     | src.models.export_onnx:export_model_to_onnx:39 - Successfully exported ONNX model to /home/thaieasyvps/quant-trading-platform/models/production/BTC_model_vv1_1d.onnx
2026-09-03 06:42:09.282 | INFO     | src.models.export_onnx:export_model_to_onnx:53 - Exported feature order to /home/thaieasyvps/quant-trading-platform/models/production/BTC_feature_order_vv1_1d.json
2026-09-03 06:42:09.283 | INFO     | src.models.export_onnx:export_model_to_onnx:68 - Exported model config to /home/thaieasyvps/quant-trading-platform/models/production/BTC_model_config_vv1_1d.json
2026-09-03 06:42:09.326 | INFO     | __main__:run_full_pipeline:48 - --- Processing BTC [4h] ---
2026-09-03 06:42:10.197 | INFO     | export_production_v2_intraday:build_intraday_features:25 - Building Intraday (V2) Features...
2026-09-03 06:42:12.423 | INFO     | src.models.export_onnx:export_model_to_onnx:20 - Starting ONNX export process for BTC (vv2_4h)...
2026-09-03 06:42:12.529 | INFO     | src.models.export_onnx:export_model_to_onnx:39 - Successfully exported ONNX model to /home/thaieasyvps/quant-trading-platform/models/production/BTC_model_vv2_4h.onnx
2026-09-03 06:42:12.529 | INFO     | src.models.export_onnx:export_model_to_onnx:53 - Exported feature order to /home/thaieasyvps/quant-trading-platform/models/production/BTC_feature_order_vv2_4h.json
2026-09-03 06:42:12.530 | INFO     | src.models.export_onnx:export_model_to_onnx:68 - Exported model config to /home/thaieasyvps/quant-trading-platform/models/production/BTC_model_config_vv2_4h.json
2026-09-03 06:42:12.576 | INFO     | __main__:run_full_pipeline:48 - --- Processing BTC [1h] ---
2026-09-03 06:42:13.348 | INFO     | export_production_v2_intraday:build_intraday_features:25 - Building Intraday (V2) Features...
2026-09-03 06:42:14.321 | INFO     | src.models.export_onnx:export_model_to_onnx:20 - Starting ONNX export process for BTC (vv2_1h)...
2026-09-03 06:42:14.411 | INFO     | src.models.export_onnx:export_model_to_onnx:39 - Successfully exported ONNX model to /home/thaieasyvps/quant-trading-platform/models/production/BTC_model_vv2_1h.onnx
2026-09-03 06:42:14.411 | INFO     | src.models.export_onnx:export_model_to_onnx:53 - Exported feature order to /home/thaieasyvps/quant-trading-platform/models/production/BTC_feature_order_vv2_1h.json
2026-09-03 06:42:14.413 | INFO     | src.models.export_onnx:export_model_to_onnx:68 - Exported model config to /home/thaieasyvps/quant-trading-platform/models/production/BTC_model_config_vv2_1h.json
2026-09-03 06:42:14.461 | INFO     | __main__:run_full_pipeline:48 - --- Processing BTC [30m] ---
2026-09-03 06:42:14.978 | INFO     | export_production_v2_intraday:build_intraday_features:25 - Building Intraday (V2) Features...
2026-09-03 06:42:15.405 | INFO     | src.models.export_onnx:export_model_to_onnx:20 - Starting ONNX export process for BTC (vv2_30m)...
2026-09-03 06:42:15.495 | INFO     | src.models.export_onnx:export_model_to_onnx:39 - Successfully exported ONNX model to /home/thaieasyvps/quant-trading-platform/models/production/BTC_model_vv2_30m.onnx
2026-09-03 06:42:15.495 | INFO     | src.models.export_onnx:export_model_to_onnx:53 - Exported feature order to /home/thaieasyvps/quant-trading-platform/models/production/BTC_feature_order_vv2_30m.json
2026-09-03 06:42:15.496 | INFO     | src.models.export_onnx:export_model_to_onnx:68 - Exported model config to /home/thaieasyvps/quant-trading-platform/models/production/BTC_model_config_vv2_30m.json
2026-09-03 06:42:15.536 | INFO     | __main__:run_full_pipeline:48 - --- Processing BTC [15m] ---
2026-09-03 06:42:16.094 | INFO     | export_production_v2_intraday:build_intraday_features:25 - Building Intraday (V2) Features...
2026-09-03 06:42:16.517 | INFO     | src.models.export_onnx:export_model_to_onnx:20 - Starting ONNX export process for BTC (vv2_15m)...
2026-09-03 06:42:16.609 | INFO     | src.models.export_onnx:export_model_to_onnx:39 - Successfully exported ONNX model to /home/thaieasyvps/quant-trading-platform/models/production/BTC_model_vv2_15m.onnx
2026-09-03 06:42:16.610 | INFO     | src.models.export_onnx:export_model_to_onnx:53 - Exported feature order to /home/thaieasyvps/quant-trading-platform/models/production/BTC_feature_order_vv2_15m.json
2026-09-03 06:42:16.611 | INFO     | src.models.export_onnx:export_model_to_onnx:68 - Exported model config to /home/thaieasyvps/quant-trading-platform/models/production/BTC_model_config_vv2_15m.json

=== FULL LOOP PORTFOLIO REPORT ===
| Asset   | TF   |   Trades | WinRate   |   ProfitFactor |   Sharpe | MaxDD   | NetReturn   |
|:--------|:-----|---------:|:----------|---------------:|---------:|:--------|:------------|
| EURUSD  | 1d   |      196 | 62.2%     |           1.93 |     4.06 | -5.8%   | nan%        |
| EURUSD  | 4h   |      327 | 57.5%     |           2.2  |    11.62 | -10.1%  | 67.1%       |
| EURUSD  | 1h   |     1153 | 51.7%     |           1.02 |     0.52 | -19.5%  | nan%        |
| EURUSD  | 30m  |      519 | 39.9%     |           0.6  |   -18.83 | -14.0%  | nan%        |
| EURUSD  | 15m  |     1077 | 36.5%     |           0.47 |   -37.39 | -22.2%  | nan%        |
| USDCHF  | 1d   |      194 | 57.2%     |           1.9  |     4    | -5.8%   | nan%        |
| USDCHF  | 4h   |      168 | 55.4%     |           1.68 |     7.73 | -10.8%  | nan%        |
| USDCHF  | 1h   |      254 | 35.8%     |           0.52 |   -17.89 | -17.0%  | -16.7%      |
| USDCHF  | 30m  |      263 | 57.0%     |           1.91 |    26.22 | -5.2%   | 12.8%       |
| USDCHF  | 15m  |      387 | 42.6%     |           1.26 |     9.91 | -12.9%  | nan%        |
| GBPUSD  | 1d   |      183 | 55.2%     |           1.58 |     2.79 | -9.7%   | nan%        |
| GBPUSD  | 4h   |      372 | 61.6%     |           1.65 |     7.33 | -19.2%  | 47.5%       |
| GBPUSD  | 1h   |      980 | 53.6%     |           1.34 |     8.09 | -13.3%  | nan%        |
| GBPUSD  | 30m  |      415 | 38.3%     |           0.51 |   -26.28 | -14.0%  | nan%        |
| GBPUSD  | 15m  |     1068 | 38.5%     |           0.55 |   -30.87 | -19.1%  | nan%        |
| USDJPY  | 1d   |      209 | 39.2%     |           1.1  |     0.54 | -30.2%  | nan%        |
| USDJPY  | 4h   |      191 | 68.1%     |           0.85 |    -1.64 | -27.9%  | -6.0%       |
| USDJPY  | 1h   |      622 | 38.6%     |           1.22 |     3.51 | -18.6%  | 11.2%       |
| USDJPY  | 30m  |      283 | 35.7%     |           0.5  |   -29.18 | -12.3%  | -8.7%       |
| USDJPY  | 15m  |      741 | 36.7%     |           0.64 |   -22.65 | -23.2%  | -12.3%      |
| GOLD    | 1d   |      172 | 41.9%     |           0.69 |    -2.31 | -76.3%  | nan%        |
| GOLD    | 4h   |      634 | 42.9%     |           0.88 |    -1.98 | -90.6%  | nan%        |
| GOLD    | 1h   |      274 | 45.3%     |           0.65 |   -11.85 | -71.6%  | -59.0%      |
| GOLD    | 30m  |       56 | 64.3%     |           2.55 |    40.6  | -5.7%   | nan%        |
| GOLD    | 15m  |      643 | 42.0%     |           0.74 |   -16.94 | -52.5%  | -31.9%      |
| BTC     | 1d   |      195 | 43.6%     |           0.76 |    -1.52 | -89.7%  | nan%        |
| BTC     | 4h   |      553 | 51.4%     |           1.04 |     0.55 | -86.2%  | 26.1%       |
| BTC     | 1h   |      241 | 47.7%     |           0.76 |    -8.45 | -56.5%  | -33.8%      |
| BTC     | 30m  |      357 | 34.2%     |           0.53 |   -26.63 | -61.3%  | nan%        |
| BTC     | 15m  |      174 | 23.6%     |           0.3  |   -73.72 | -41.4%  | -37.8%      |
2026-09-03 06:42:16.870 | INFO     | __main__:run_full_pipeline:197 - ✅ Full Loop Pipeline Complete. Report saved to docs/FULL_LOOP_REPORT.md
